    Finished `test` profile [unoptimized + debuginfo] target(s) in 0.18s
     Running tests\identity_browser.rs (target\debug\deps\identity_browser-b1ef1500887492f9.exe)

running 1 test
browser="Chrome/153.0.8010.12" executable=C:\Users\Administrator\AppData\Local\ms-playwright\chromium-1243\chrome-win64\chrome.exe owned_pid=32744 temp=C:\Users\ADMINI~1\AppData\Local\Temp\cloaksession-identity-fixture-15656-1790777801853681900
Fetch.requestPaused url=https://s.kwaixiaodian.com/a
Fetch.requestPaused url=https://fixture.yximgs.com/cors.png
Fetch.requestPaused url=https://fixture.yximgs.com/avatar.png
Fetch.requestPaused url=https://s.kwaixiaodian.com/b
Fetch.requestPaused url=https://fixture.yximgs.com/cors.png
Fetch.requestPaused url=https://fixture.yximgs.com/avatar.png
Fetch.requestPaused url=https://s.kwaixiaodian.com/a
getResourceContent HIT: Fetch before=3 after=4; Network before=3 after=3
getResourceContent MISS: error=Some(Chrome(Error { code: -32000, message: "No resource with given URL found" })) Fetch before=4 after=4
cache resource: base64=true bytes(base64)=92 network_before=3 network_after=3 canvas_no_cors=SecurityError canvas_cors=PNG
production AvatarPage: no-CORS=None; loaded CORS=PNG; changed ID rejected; Fetch/Network unchanged
Fetch.requestPaused url=https://s.kwaixiaodian.com/no-id
Fetch.requestPaused url=https://s.kwaixiaodian.com/invalid
Fetch.requestPaused url=https://s.kwaixiaodian.com.evil.invalid/wrong
Fetch.requestPaused url=https://fixture.yximgs.com/avatar.png
Fetch.requestPaused url=https://fixture.yximgs.com/cors.png
Fetch.requestPaused url=https://s.kwaixiaodian.com/a
production AvatarPage: same-URL reload rejected via documentEpoch; revalidation issued no request
Fetch.requestPaused url=https://blocked.invalid/probe
target=a paused=6 fulfilled=5 failed=1 network=7
target=b paused=8 fulfilled=8 failed=0 network=12
cleanup: own child killed/reaped; temporary profile removed; no screenshots or user data
test identity_in_disposable_chromium ... ok

test result: ok. 1 passed; 0 failed; 0 ignored; 0 measured; 3 filtered out; finished in 1.62s

